Command: C:\Espressif\python_env\idf5.5_py3.13_env\Scripts\python.exe C:\Espressif\frameworks\esp-idf-v5.5.4\tools/idf_monitor.py -p COM6 -b 115200 --toolchain-prefix xtensa-esp32s3-elf- --target esp32s3 --revision 0 C:\Users\trija\Desktop\Work\VS\flashing\esp_firmware\build\esp_firmware.elf C:\Users\trija\Desktop\Work\VS\flashing\esp_firmware\build\bootloader\bootloader.elf --force-color -m 'C:\Espressif\python_env\idf5.5_py3.13_env\Scripts\python.exe' 'C:\Espressif\frameworks\esp-idf-v5.5.4\tools\idf.py' '-p' 'COM6'
��.3
[0;32mI (31) boot.esp32s3: Boot �ESP-ROM:esp32s3-20210327[0m
Build:Mar 27 2021
rst:0x1 (POWERON),boot:0x8 (SPI_FAST_FLASH_BOOT)
SPIWP:0xee
mode:DIO, clock div:1
load:0x3fce2820,len:0x14f0
load:0x403c8700,len:0xd24
load:0x403cb700,len:0x2ef0
entry 0x403c8924
[0;32mI (24) boot: ESP-IDF v5.5.4 2nd stage bootloader[0m
[0;32mI (25) boot: compile time Apr 22 2026 11:05:21[0m
[0;32mI (25) boot: Multicore bootloader[0m
[0;32mI (25) boot: chip revision: v0.2[0m
[0;32mI (28) boot: efuse block revision: v1.3[0m
[0;32mI (31) boot.esp32s3: Boot SPI Speed : 80MHz[0m
[0;32mI (35) boot.esp32s3: SPI Mode       : DIO[0m
[0;32mI (39) boot.esp32s3: SPI Flash Size : 2MB[0m
[0;32mI (43) boot: Enabling RNG early entropy source...[0m
[0;32mI (47) boot: Partition Table:[0m
[0;32mI (50) boot: ## Label            Usage          Type ST Offset   Length[0m
[0;32mI (56) boot:  0 nvs              WiFi data        01 02 00009000 00006000[0m
[0;32mI (63) boot:  1 phy_init         RF data          01 01 0000f000 00001000[0m
[0;32mI (69) boot:  2 factory          factory app      00 00 00010000 00100000[0m
[0;32mI (76) boot: End of partition table[0m
[0;32mI (79) esp_image: segment 0: paddr=00010020 vaddr=3c020020 size=0a318h ( 41752) map[0m
[0;32mI (94) esp_image: segment 1: paddr=0001a340 vaddr=3fc92b00 size=02fe8h ( 12264) load[0m
[0;32mI (96) esp_image: segment 2: paddr=0001d330 vaddr=40374000 size=02ce8h ( 11496) load[0m
[0;32mI (104) esp_image: segment 3: paddr=00020020 vaddr=42000020 size=168b4h ( 92340) map[0m
[0;32mI (125) esp_image: segment 4: paddr=000368dc vaddr=40376ce8 size=0bdech ( 48620) load[0m
[0;32mI (136) esp_image: segment 5: paddr=000426d0 vaddr=50000000 size=00020h (    32) load[0m
[0;32mI (142) boot: Loaded app from partition at offset 0x10000[0m
[0;32mI (142) boot: Disabling RNG early entropy source...[0m
[0;32mI (154) cpu_start: Multicore app[0m
[0;32mI (162) cpu_start: GPIO 44 and 43 are used as console UART I/O pins[0m
[0;32mI (163) cpu_start: Pro cpu start user code[0m
[0;32mI (163) cpu_start: cpu freq: 160000000 Hz[0m
[0;32mI (164) app_init: Application information:[0m
[0;32mI (168) app_init: Project name:     esp_firmware[0m
[0;32mI (172) app_init: App version:      1[0m
[0;32mI (176) app_init: Compile time:     Apr 22 2026 11:04:50[0m
[0;32mI (181) app_init: ELF file SHA256:  bf3d7b3ef...[0m
[0;32mI (185) app_init: ESP-IDF:          v5.5.4[0m
[0;32mI (189) efuse_init: Min chip rev:     v0.0[0m
[0;32mI (193) efuse_init: Max chip rev:     v0.99 [0m
[0;32mI (197) efuse_init: Chip rev:         v0.2[0m
[0;32mI (201) heap_init: Initializing. RAM available for dynamic allocation:[0m
[0;32mI (207) heap_init: At 3FC963E8 len 00053328 (332 KiB): RAM[0m
[0;32mI (212) heap_init: At 3FCE9710 len 00005724 (21 KiB): RAM[0m
[0;32mI (217) heap_init: At 3FCF0000 len 00008000 (32 KiB): DRAM[0m
[0;32mI (222) heap_init: At 600FE000 len 00001FE8 (7 KiB): RTCRAM[0m
[0;32mI (229) spi_flash: detected chip: boya[0m
[0;32mI (231) spi_flash: flash io: dio[0m
[0;33mW (234) spi_flash: Detected size(16384k) larger than the size in the binary image header(2048k). Using the size in the binary image header.[0m
[0;32mI (247) sleep_gpio: Configure to isolate all GPIO pins in sleep state[0m
[0;32mI (253) sleep_gpio: Enable automatic switching of GPIO sleep configuration[0m
[0;32mI (260) main_task: Started on CPU0[0m
[0;32mI (280) main_task: Calling app_main()[0m
[0;32mI (300) M-OS: M-OS Starting... Role: Hybrid[0m
[0;32mI (300) M-OS: All relays initialized[0m
[0;32mI (300) M-OS: M-OS Running...[0m
[0;32mI (2300) M-OS: M-OS Running...[0m
[0;32mI (4300) M-OS: M-OS Running...[0m
[0;32mI (6300) M-OS: M-OS Running...[0m
[0;32mI (8300) M-OS: M-OS Running...[0m
[0;32mI (10300) M-OS: M-OS Running...[0m
[0;32mI (12300) M-OS: M-OS Running...[0m
[0;32mI (14300) M-OS: M-OS Running...[0m
[0;32mI (16300) M-OS: M-OS Running...[0m
[0;32mI (18300) M-OS: M-OS Running...[0m
[0;32mI (20300) M-OS: M-OS Running...[0m
[0;32mI (22300) M-OS: M-OS Running...[0m
[0;32mI (24300) M-OS: M-OS Running...[0m
[0;32mI (26300) M-OS: M-OS Running...[0m
[0;32mI (28300) M-OS: M-OS Running...[0m
[0;32mI (30300) M-OS: M-OS Running...[0m
[0;32mI (32300) M-OS: M-OS Running...[0m
[0;32mI (34300) M-OS: M-OS Running...[0m
[0;32mI (36300) M-OS: M-OS Running...[0m
[0;32mI (38300) M-OS: M-OS Running...[0m
[0;32mI (40300) M-OS: M-OS Running...[0m
[0;32mI (42300) M-OS: M-OS Running...[0m
[0;32mI (44300) M-OS: M-OS Running...[0m
[0;32mI (46300) M-OS: M-OS Running...[0m
[0;32mI (48300) M-OS: M-OS Running...[0m
[0;32mI (50300) M-OS: M-OS Running...[0m
[0;32mI (52300) M-OS: M-OS Running...[0m
[0;32mI (54300) M-OS: M-OS Running...[0m
[0;32mI (56300) M-OS: M-OS Running...[0m
[0;32mI (58300) M-OS: M-OS Running...[0m
[0;32mI (60300) M-OS: M-OS Running...[0m
[0;32mI (62300) M-OS: M-OS Running...[0m
[0;32mI (64300) M-OS: M-OS Running...[0m
[0;32mI (66300) M-OS: M-OS Running...[0m
[0;32mI (68300) M-OS: M-OS Running...[0m
[0;32mI (70300) M-OS: M-OS Running...[0m
[0;32mI (72300) M-OS: M-OS Running...[0m
[0;32mI (74300) M-OS: M-OS Running...[0m
[0;32mI (76300) M-OS: M-OS Running...[0m
[0;32mI (78300) M-OS: M-OS Running...[0m
[0;32mI (80300) M-OS: M-OS Running...[0m
[0;32mI (82300) M-OS: M-OS Running...[0m
[0;32mI (84300) M-OS: M-OS Running...[0m
[0;32mI (86300) M-OS: M-OS Running...[0m
[0;32mI (88300) M-OS: M-OS Running...[0m
[0;32mI (90300) M-OS: M-OS Running...[0m
[0;32mI (92300) M-OS: M-OS Running...[0m
[0;32mI (94300) M-OS: M-OS Running...[0m
[0;32mI (96300) M-OS: M-OS Running...[0m
[0;32mI (98300) M-OS: M-OS Running...[0m
[0;32mI (100300) M-OS: M-OS Running...[0m
[0;32mI (102300) M-OS: M-OS Running...[0m
[0;32mI (104300) M-OS: M-OS Running...[0m
[0;32mI (106300) M-OS: M-OS Running...[0m
[0;32mI (108300) M-OS: M-OS Running...[0m
[0;32mI (110300) M-OS: M-OS Running...[0m
[0;32mI (112300) M-OS: M-OS Running...[0m
[0;32mI (114300) M-OS: M-OS Running...[0m
[0;32mI (116300) M-OS: M-OS Running...[0m
[0;32mI (118300) M-OS: M-OS Running...[0m
[0;32mI (120300) M-OS: M-OS Running...[0m
[0;32mI (122300) M-OS: M-OS Running...[0m
[0;32mI (124300) M-OS: M-OS Running...[0m
[0;32mI (126300) M-OS: M-OS Running...[0m
[0;32mI (128300) M-OS: M-OS Running...[0m
[0;32mI (130300) M-OS: M-OS Running...[0m
[0;32mI (132300) M-OS: M-OS Running...[0m
[0;32mI (134300) M-OS: M-OS Running...[0m
[0;32mI (136300) M-OS: M-OS Running...[0m
[0;32mI (138300) M-OS: M-OS Running...[0m
[0;32mI (140300) M-OS: M-OS Running...[0m
[0;32mI (142300) M-OS: M-OS Running...[0m
[0;32mI (144300) M-OS: M-OS Running...[0m
[0;32mI (146300) M-OS: M-OS Running...[0m
[0;32mI (148300) M-OS: M-OS Running...[0m
[0;32mI (150300) M-OS: M-OS Running...[0m
[0;32mI (152300) M-OS: M-OS Running...[0m
[0;32mI (154300) M-OS: M-OS Running...[0m
[0;32mI (156300) M-OS: M-OS Running...[0m
[0;32mI (158300) M-OS: M-OS Running...[0m
[0;32mI (160300) M-OS: M-OS Running...[0m
[0;32mI (162300) M-OS: M-OS Running...[0m
[0;32mI (164300) M-OS: M-OS Running...[0m
[0;32mI (166300) M-OS: M-OS Running...[0m
[0;32mI (168300) M-OS: M-OS Running...[0m
[0;32mI (170300) M-OS: M-OS Running...[0m
[0;32mI (172300) M-OS: M-OS Running...[0m
[0;32mI (174300) M-OS: M-OS Running...[0m
[0;32mI (176300) M-OS: M-OS Running...[0m
[0;32mI (178300) M-OS: M-OS Running...[0m
[0;32mI (180300)